// Jest Snapshot v1, https://goo.gl/fbAQLP

exports[`TableTop should render properly 1`] = `
<div>
  <div
    class="layout-wrapper"
  >
    <div
      class="board-wrapper"
    >
      <div
        class="centerer"
      >
        <div
          class="board"
          role="img"
        >
          <div
            class="square"
            data-testid="square"
          />
          <div
            class="square"
            data-testid="square"
          />
          <div
            class="square"
            data-testid="square"
          />
          <div
            class="square"
            data-testid="square"
          />
          <div
            class="square"
            data-testid="square"
          />
          <div
            class="square"
            data-testid="square"
          />
          <div
            class="square"
            data-testid="square"
          />
          <div
            class="square"
            data-testid="square"
          />
          <div
            class="square"
            data-testid="square"
          />
          <div
            class="square"
            data-testid="square"
          />
          <div
            class="square"
            data-testid="square"
          />
          <div
            class="square"
            data-testid="square"
          />
          <div
            class="square"
            data-testid="square"
          />
          <div
            class="square"
            data-testid="square"
          />
          <div
            class="square"
            data-testid="square"
          />
          <div
            class="square"
            data-testid="square"
          />
          <div
            class="square"
            data-testid="square"
          />
          <div
            class="square"
            data-testid="square"
          />
          <div
            class="square"
            data-testid="square"
          />
          <div
            class="square"
            data-testid="square"
          />
          <div
            class="square"
            data-testid="square"
          />
          <div
            class="square"
            data-testid="square"
          />
          <div
            class="square"
            data-testid="square"
          />
          <div
            class="square"
            data-testid="square"
          />
          <div
            class="square"
            data-testid="square"
          />
        </div>
      </div>
    </div>
    <div
      class="commands"
    >
      <div
        class="flex"
      >
        <textarea
          class="commands"
          id="bot-commands"
          name="bot-commands"
          placeholder="Commands go here"
          rows="10"
        />
        <button
          class="button"
        >
          Execute
        </button>
      </div>
    </div>
  </div>
</div>
`;
